// Jest Snapshot v1, https://goo.gl/fbAQLP

exports[`src/components/elements/CalendarDaily render 1`] = `
<div>
  <label>
    
  </label>
  <button
    onClick={[Function]}
    type="button"
  >
    <span />
  </button>
  <b>
    July 2021
  </b>
  <button
    onClick={[Function]}
    type="button"
  >
    <span />
  </button>
  <p>
    Su
  </p>
  <p>
    Mo
  </p>
  <p>
    Tu
  </p>
  <p>
    We
  </p>
  <p>
    Th
  </p>
  <p>
    Fr
  </p>
  <p>
    Sa
  </p>
  <span />
  <span>
    28
  </span>
  <span>
    29
  </span>
  <span>
    30
  </span>
  <span>
    31
  </span>
  <button
    disabled=""
    onClick={[Function]}
    type="button"
  >
    1
  </button>
  <button
    disabled=""
    onClick={[Function]}
    type="button"
  >
    2
  </button>
  <button
    disabled=""
    onClick={[Function]}
    type="button"
  >
    3
  </button>
  <button
    disabled=""
    onClick={[Function]}
    type="button"
  >
    4
  </button>
  <button
    disabled=""
    onClick={[Function]}
    type="button"
  >
    5
  </button>
  <button
    disabled=""
    onClick={[Function]}
    type="button"
  >
    6
  </button>
  <button
    disabled=""
    onClick={[Function]}
    type="button"
  >
    7
  </button>
  <button
    disabled=""
    onClick={[Function]}
    type="button"
  >
    8
  </button>
  <button
    disabled=""
    onClick={[Function]}
    type="button"
  >
    9
  </button>
  <button
    disabled=""
    onClick={[Function]}
    type="button"
  >
    10
  </button>
  <button
    disabled=""
    onClick={[Function]}
    type="button"
  >
    11
  </button>
  <button
    disabled=""
    onClick={[Function]}
    type="button"
  >
    12
  </button>
  <button
    disabled=""
    onClick={[Function]}
    type="button"
  >
    13
  </button>
  <button
    disabled=""
    onClick={[Function]}
    type="button"
  >
    14
  </button>
  <button
    disabled=""
    onClick={[Function]}
    type="button"
  >
    15
  </button>
  <button
    disabled=""
    onClick={[Function]}
    type="button"
  >
    16
  </button>
  <button
    disabled=""
    onClick={[Function]}
    type="button"
  >
    17
  </button>
  <button
    disabled=""
    onClick={[Function]}
    type="button"
  >
    18
  </button>
  <button
    disabled=""
    onClick={[Function]}
    type="button"
  >
    19
  </button>
  <button
    disabled=""
    onClick={[Function]}
    type="button"
  >
    20
  </button>
  <button
    disabled=""
    onClick={[Function]}
    type="button"
  >
    21
  </button>
  <button
    disabled=""
    onClick={[Function]}
    type="button"
  >
    22
  </button>
  <button
    disabled=""
    onClick={[Function]}
    type="button"
  >
    23
  </button>
  <button
    disabled=""
    onClick={[Function]}
    type="button"
  >
    24
  </button>
  <button
    disabled=""
    onClick={[Function]}
    type="button"
  >
    25
  </button>
  <button
    disabled=""
    onClick={[Function]}
    type="button"
  >
    26
  </button>
  <button
    disabled=""
    onClick={[Function]}
    type="button"
  >
    27
  </button>
  <button
    disabled=""
    onClick={[Function]}
    type="button"
  >
    28
  </button>
  <button
    disabled=""
    onClick={[Function]}
    type="button"
  >
    29
  </button>
  <button
    disabled=""
    onClick={[Function]}
    type="button"
  >
    30
  </button>
  <button
    disabled=""
    onClick={[Function]}
    type="button"
  >
    31
  </button>
</div>
`;
